Archive member included to satisfy reference by file (symbol)

.\CortexM0\ARM_GCC_541\Debug\STELLANOVA_2021.a(CapSense_CSD.o)
                              .\CortexM0\ARM_GCC_541\Debug\main.o (CapSense_CSD_Start)
.\CortexM0\ARM_GCC_541\Debug\STELLANOVA_2021.a(CapSense_CSD_CSHL.o)
                              .\CortexM0\ARM_GCC_541\Debug\STELLANOVA_2021.a(CapSense_CSD.o) (CapSense_CSD_rawDataIndex)
.\CortexM0\ARM_GCC_541\Debug\STELLANOVA_2021.a(CapSense_CSD_INT.o)
                              .\CortexM0\ARM_GCC_541\Debug\STELLANOVA_2021.a(CapSense_CSD.o) (CapSense_CSD_ISR)
.\CortexM0\ARM_GCC_541\Debug\STELLANOVA_2021.a(LED_CONTROL.o)
                              .\CortexM0\ARM_GCC_541\Debug\main.o (LED_CONTROL_WriteCompare)
.\CortexM0\ARM_GCC_541\Debug\STELLANOVA_2021.a(SW_Tx_UART_1.o)
                              .\CortexM0\ARM_GCC_541\Debug\main.o (SW_Tx_UART_1_Start)
.\CortexM0\ARM_GCC_541\Debug\STELLANOVA_2021.a(CapSense_CSD_SampleClk.o)
                              .\CortexM0\ARM_GCC_541\Debug\STELLANOVA_2021.a(CapSense_CSD.o) (CapSense_CSD_SampleClk_Start)
.\CortexM0\ARM_GCC_541\Debug\STELLANOVA_2021.a(CapSense_CSD_SenseClk.o)
                              .\CortexM0\ARM_GCC_541\Debug\STELLANOVA_2021.a(CapSense_CSD.o) (CapSense_CSD_SenseClk_Start)
.\CortexM0\ARM_GCC_541\Debug\STELLANOVA_2021.a(CyLib.o)
                              .\CortexM0\ARM_GCC_541\Debug\cyfitter_cfg.o (CySysClkWriteImoFreq)
.\CortexM0\ARM_GCC_541\Debug\STELLANOVA_2021.a(SW_Tx_UART_1_AsmGnu.o)
                              .\CortexM0\ARM_GCC_541\Debug\main.o (SW_Tx_UART_1_PutChar)
.\CortexM0\ARM_GCC_541\Debug\STELLANOVA_2021.a(CyBootAsmGnu.o)
                              .\CortexM0\ARM_GCC_541\Debug\STELLANOVA_2021.a(CapSense_CSD.o) (CyDelayCycles)
c:/program files (x86)/cypress/psoc creator/4.3/psoc creator/import/gnu/arm/5.4.1/bin/../lib/gcc/arm-none-eabi/5.4.1/armv6-m\libgcc.a(_udivsi3.o)
                              .\CortexM0\ARM_GCC_541\Debug\STELLANOVA_2021.a(CapSense_CSD.o) (__aeabi_uidiv)
c:/program files (x86)/cypress/psoc creator/4.3/psoc creator/import/gnu/arm/5.4.1/bin/../lib/gcc/arm-none-eabi/5.4.1/armv6-m\libgcc.a(_dvmd_tls.o)
                              c:/program files (x86)/cypress/psoc creator/4.3/psoc creator/import/gnu/arm/5.4.1/bin/../lib/gcc/arm-none-eabi/5.4.1/armv6-m\libgcc.a(_udivsi3.o) (__aeabi_idiv0)
c:/program files (x86)/cypress/psoc creator/4.3/psoc creator/import/gnu/arm/5.4.1/bin/../lib/gcc/arm-none-eabi/5.4.1/armv6-m\libgcc.a(_fixunsdfsi.o)
                              .\CortexM0\ARM_GCC_541\Debug\main.o (__aeabi_d2uiz)
c:/program files (x86)/cypress/psoc creator/4.3/psoc creator/import/gnu/arm/5.4.1/bin/../lib/gcc/arm-none-eabi/5.4.1/armv6-m\libgcc.a(muldf3.o)
                              .\CortexM0\ARM_GCC_541\Debug\main.o (__aeabi_dmul)
c:/program files (x86)/cypress/psoc creator/4.3/psoc creator/import/gnu/arm/5.4.1/bin/../lib/gcc/arm-none-eabi/5.4.1/armv6-m\libgcc.a(subdf3.o)
                              c:/program files (x86)/cypress/psoc creator/4.3/psoc creator/import/gnu/arm/5.4.1/bin/../lib/gcc/arm-none-eabi/5.4.1/armv6-m\libgcc.a(_fixunsdfsi.o) (__aeabi_dsub)
c:/program files (x86)/cypress/psoc creator/4.3/psoc creator/import/gnu/arm/5.4.1/bin/../lib/gcc/arm-none-eabi/5.4.1/armv6-m\libgcc.a(fixdfsi.o)
                              c:/program files (x86)/cypress/psoc creator/4.3/psoc creator/import/gnu/arm/5.4.1/bin/../lib/gcc/arm-none-eabi/5.4.1/armv6-m\libgcc.a(_fixunsdfsi.o) (__aeabi_d2iz)
c:/program files (x86)/cypress/psoc creator/4.3/psoc creator/import/gnu/arm/5.4.1/bin/../lib/gcc/arm-none-eabi/5.4.1/armv6-m\libgcc.a(floatunsidf.o)
                              .\CortexM0\ARM_GCC_541\Debug\main.o (__aeabi_ui2d)
c:/program files (x86)/cypress/psoc creator/4.3/psoc creator/import/gnu/arm/5.4.1/bin/../lib/gcc/arm-none-eabi/5.4.1/armv6-m\libgcc.a(_arm_cmpdf2.o)
                              c:/program files (x86)/cypress/psoc creator/4.3/psoc creator/import/gnu/arm/5.4.1/bin/../lib/gcc/arm-none-eabi/5.4.1/armv6-m\libgcc.a(_fixunsdfsi.o) (__aeabi_dcmpge)
c:/program files (x86)/cypress/psoc creator/4.3/psoc creator/import/gnu/arm/5.4.1/bin/../lib/gcc/arm-none-eabi/5.4.1/armv6-m\libgcc.a(_clzsi2.o)
                              c:/program files (x86)/cypress/psoc creator/4.3/psoc creator/import/gnu/arm/5.4.1/bin/../lib/gcc/arm-none-eabi/5.4.1/armv6-m\libgcc.a(muldf3.o) (__clzsi2)
c:/program files (x86)/cypress/psoc creator/4.3/psoc creator/import/gnu/arm/5.4.1/bin/../lib/gcc/arm-none-eabi/5.4.1/armv6-m\libgcc.a(eqdf2.o)
                              c:/program files (x86)/cypress/psoc creator/4.3/psoc creator/import/gnu/arm/5.4.1/bin/../lib/gcc/arm-none-eabi/5.4.1/armv6-m\libgcc.a(_arm_cmpdf2.o) (__eqdf2)
c:/program files (x86)/cypress/psoc creator/4.3/psoc creator/import/gnu/arm/5.4.1/bin/../lib/gcc/arm-none-eabi/5.4.1/armv6-m\libgcc.a(gedf2.o)
[...]
Memory Configuration

Name             Origin             Length             Attributes
rom              0x00000000         0x00008000         xr
ram              0x20000000         0x00001000         xrw
*default*        0x00000000         0xffffffff

Linker script and memory map

LOAD c:/program files (x86)/cypress/psoc creator/4.3/psoc creator/import/gnu/arm/5.4.1/bin/../lib/gcc/arm-none-eabi/5.4.1/armv6-m/crti.o
LOAD c:/program files (x86)/cypress/psoc creator/4.3/psoc creator/import/gnu/arm/5.4.1/bin/../lib/gcc/arm-none-eabi/5.4.1/armv6-m/crtbegin.o
LOAD c:/program files (x86)/cypress/psoc creator/4.3/psoc creator/import/gnu/arm/5.4.1/bin/../lib/gcc/arm-none-eabi/5.4.1/../../../../arm-none-eabi/lib/armv6-m/crt0.o
START GROUP
LOAD .\CortexM0\ARM_GCC_541\Debug\main.o
LOAD .\CortexM0\ARM_GCC_541\Debug\cyfitter_cfg.o
LOAD .\CortexM0\ARM_GCC_541\Debug\cymetadata.o
LOAD .\CortexM0\ARM_GCC_541\Debug\Cm0Start.o
LOAD .\CortexM0\ARM_GCC_541\Debug\STELLANOVA_2021.a
LOAD C:\Program Files (x86)\Cypress\PSoC Creator\4.3\PSoC Creator\psoc\content\CyComponentLibrary\CyComponentLibrary.cylib\CapSense_CSD_P4_v2_60\PSoC4\Library\CapsenseP4Library_GCC.a
END GROUP
START GROUP
LOAD c:/program files (x86)/cypress/psoc creator/4.3/psoc creator/import/gnu/arm/5.4.1/bin/../lib/gcc/arm-none-eabi/5.4.1/armv6-m\libgcc.a
LOAD c:/program files (x86)/cypress/psoc creator/4.3/psoc creator/import/gnu/arm/5.4.1/bin/../lib/gcc/arm-none-eabi/5.4.1/../../../../arm-none-eabi/lib/armv6-m\libg_nano.a
LOAD c:/program files (x86)/cypress/psoc creator/4.3/psoc creator/import/gnu/arm/5.4.1/bin/../lib/gcc/arm-none-eabi/5.4.1/../../../../arm-none-eabi/lib/armv6-m\libc_nano.a
END GROUP
START GROUP
LOAD c:/program files (x86)/cypress/psoc creator/4.3/psoc creator/import/gnu/arm/5.4.1/bin/../lib/gcc/arm-none-eabi/5.4.1/armv6-m\libgcc.a
LOAD c:/program files (x86)/cypress/psoc creator/4.3/psoc creator/import/gnu/arm/5.4.1/bin/../lib/gcc/arm-none-eabi/5.4.1/../../../../arm-none-eabi/lib/armv6-m\libc_nano.a
END GROUP
LOAD c:/program files (x86)/cypress/psoc creator/4.3/psoc creator/import/gnu/arm/5.4.1/bin/../lib/gcc/arm-none-eabi/5.4.1/armv6-m/crtend.o
LOAD c:/program files (x86)/cypress/psoc creator/4.3/psoc creator/import/gnu/arm/5.4.1/bin/../lib/gcc/arm-none-eabi/5.4.1/armv6-m/crtn.o
START GROUP
LOAD c:/program files (x86)/cypress/psoc creator/4.3/psoc creator/import/gnu/arm/5.4.1/bin/../lib/gcc/arm-none-eabi/5.4.1/armv6-m\libgcc.a
LOAD c:/program files (x86)/cypress/psoc creator/4.3/psoc creator/import/gnu/arm/5.4.1/bin/../lib/gcc/arm-none-eabi/5.4.1/../../../../arm-none-eabi/lib/armv6-m\libc.a
LOAD c:/program files (x86)/cypress/psoc creator/4.3/psoc creator/import/gnu/arm/5.4.1/bin/../lib/gcc/arm-none-eabi/5.4.1/../../../../arm-none-eabi/lib/armv6-m\libnosys.a
END GROUP
                0x00000000                CY_APPL_ORIGIN = 0x0
                0x00000080                CY_FLASH_ROW_SIZE = 0x80
                0x00000001                CY_APPL_NUM = 0x1
                0x00000001                CY_APPL_MAX = 0x1
                0x00000040                CY_METADATA_SIZE = 0x40
                0x00000000                CY_APPL_LOADABLE = 0x0
                0x00000000                CY_CHECKSUM_EXCLUDE_SIZE = ALIGN (0x0, CY_FLASH_ROW_SIZE)
                0x00000000                CY_APP_FOR_STACK_AND_COPIER = 0x0
                [!provide]                PROVIDE (__cy_heap_start, _end)
                0x00000001                PROVIDE (__cy_region_num, ((__cy_regions_end - __cy_regions) / 0x10))
                0x20001000                PROVIDE (__cy_stack, (ORIGIN (ram) + LENGTH (ram)))
                [!provide]                PROVIDE (__cy_heap_end, (__cy_stack - 0x400))

.cybootloader   0x00000000        0x0
 *(.cybootloader)
                0x00000000                appl1_start = CY_APPL_ORIGIN?CY_APPL_ORIGIN:ALIGN (CY_FLASH_ROW_SIZE)
                0x00003f80                appl2_start = (appl1_start + ALIGN ((((LENGTH (rom) - appl1_start) - (0x2 * CY_FLASH_ROW_SIZE)) / 0x2), CY_FLASH_ROW_SIZE))
                0x00000000                appl_start = (CY_APPL_NUM == 0x1)?appl1_start:appl2_start
                0x00000001                cy_project_type_bootloader = (appl_start == 0x0)?0x1:0x0
                0x00000000                cy_project_type_app_for_stack_and_copier = (CY_APP_FOR_STACK_AND_COPIER == 0x1)?0x1:0x0

.text           0x00000000     0x2ea0
 CREATE_OBJECT_SYMBOLS
                0x00000000                PROVIDE (__cy_interrupt_vector, RomVectors)
 *(.romvectors)
 .romvectors    0x00000000       0x10 .\CortexM0\ARM_GCC_541\Debug\Cm0Start.o
                0x00000000                RomVectors
                0x00000001                ASSERT ((. != __cy_interrupt_vector), No interrupt vector)
                0x00000001                ASSERT (CY_APPL_ORIGIN?(SIZEOF (.cybootloader) <= CY_APPL_ORIGIN):0x1, Wrong image location)
                0x00000010                PROVIDE (__cy_reset, Reset)
 *(.text.Reset)
 .text.Reset    0x00000010        0x8 .\CortexM0\ARM_GCC_541\Debug\Cm0Start.o
                0x00000010                Reset
                0x00000001                ASSERT ((. != __cy_reset), No reset code)
 *(.psocinit)
 .psocinit      0x00000018      0x220 .\CortexM0\ARM_GCC_541\Debug\cyfitter_cfg.o
                0x000000bc                cyfitter_cfg
                0x00000238                . = MAX (., 0x100)
 *(.text .text.* .gnu.linkonce.t.*)
 .text          0x00000238       0x60 c:/program files (x86)/cypress/psoc creator/4.3/psoc creator/import/gnu/arm/5.4.1/bin/../lib/gcc/arm-none-eabi/5.4.1/armv6-m/crtbegin.o
 .text.main     0x00000298      0x158 .\CortexM0\ARM_GCC_541\Debug\main.o
                0x00000298                main
 .text.CYMEMZERO
                0x000003f0       0x20 .\CortexM0\ARM_GCC_541\Debug\cyfitter_cfg.o
 .text.cfg_write_bytes32
                0x00000410       0x84 .\CortexM0\ARM_GCC_541\Debug\cyfitter_cfg.o
 .text.AnalogSetDefault
                0x00000494       0x10 .\CortexM0\ARM_GCC_541\Debug\cyfitter_cfg.o
 .text.SetAnalogRoutingPumps
                0x000004a4       0x70 .\CortexM0\ARM_GCC_541\Debug\cyfitter_cfg.o
                0x000004a4                SetAnalogRoutingPumps
 .text.IntDefaultHandler
                0x00000514       0x14 .\CortexM0\ARM_GCC_541\Debug\Cm0Start.o
                0x00000514                IntDefaultHandler
 .text.Start_c  0x00000528       0x98 .\CortexM0\ARM_GCC_541\Debug\Cm0Start.o
                0x00000528                Start_c
 .text.initialize_psoc
                0x000005c0       0x64 .\CortexM0\ARM_GCC_541\Debug\Cm0Start.o
                0x000005c0                initialize_psoc
 .text.CapSense_CSD_Init
                0x00000624       0x38 .\CortexM0\ARM_GCC_541\Debug\STELLANOVA_2021.a(CapSense_CSD.o)
                0x00000624                CapSense_CSD_Init
 .text.CapSense_CSD_CsdHwBlockInit
                0x0000065c       0xc4 .\CortexM0\ARM_GCC_541\Debug\STELLANOVA_2021.a(CapSense_CSD.o)
                0x0000065c                CapSense_CSD_CsdHwBlockInit
 .text.CapSense_CSD_Enable
                0x00000720       0x50 .\CortexM0\ARM_GCC_541\Debug\STELLANOVA_2021.a(CapSense_CSD.o)
                0x00000720                CapSense_CSD_Enable
 .text.CapSense_CSD_Start
                0x00000770       0xf8 .\CortexM0\ARM_GCC_541\Debug\STELLANOVA_2021.a(CapSense_CSD.o)
                0x00000770                CapSense_CSD_Start
 .text.CapSense_CSD_FindNextSensor
                0x00000868       0x4c .\CortexM0\ARM_GCC_541\Debug\STELLANOVA_2021.a(CapSense_CSD.o)
                0x00000868                CapSense_CSD_FindNextSensor
 .text.CapSense_CSD_ScanSensor
                0x000008b4       0x34 .\CortexM0\ARM_GCC_541\Debug\STELLANOVA_2021.a(CapSense_CSD.o)
                0x000008b4                CapSense_CSD_ScanSensor
 .text.CapSense_CSD_ScanEnabledWidgets
                0x000008e8       0x58 .\CortexM0\ARM_GCC_541\Debug\STELLANOVA_2021.a(CapSense_CSD.o)
                0x000008e8                CapSense_CSD_ScanEnabledWidgets
 .text.CapSense_CSD_IsBusy
                0x00000940       0x1c .\CortexM0\ARM_GCC_541\Debug\STELLANOVA_2021.a(CapSense_CSD.o)
                0x00000940                CapSense_CSD_IsBusy
 .text.CapSense_CSD_ReadSensorRaw
                0x0000095c       0x1c .\CortexM0\ARM_GCC_541\Debug\STELLANOVA_2021.a(CapSense_CSD.o)
                0x0000095c                CapSense_CSD_ReadSensorRaw
 .text.CapSense_CSD_SetScanResolution
                0x00000978       0x20 .\CortexM0\ARM_GCC_541\Debug\STELLANOVA_2021.a(CapSense_CSD.o)
                0x00000978                CapSense_CSD_SetScanResolution
 .text.CapSense_CSD_ClearSensors
                0x00000998       0x28 .\CortexM0\ARM_GCC_541\Debug\STELLANOVA_2021.a(CapSense_CSD.o)
                0x00000998                CapSense_CSD_ClearSensors
 .text.CapSense_CSD_EnableSensor
                0x000009c0       0xcc .\CortexM0\ARM_GCC_541\Debug\STELLANOVA_2021.a(CapSense_CSD.o)
                0x000009c0                CapSense_CSD_EnableSensor
 .text.CapSense_CSD_DisableSensor
                0x00000a8c      0x11c .\CortexM0\ARM_GCC_541\Debug\STELLANOVA_2021.a(CapSense_CSD.o)
                0x00000a8c                CapSense_CSD_DisableSensor
 .text.CapSense_CSD_PreScan
                0x00000ba8      0x12c .\CortexM0\ARM_GCC_541\Debug\STELLANOVA_2021.a(CapSense_CSD.o)
                0x00000ba8                CapSense_CSD_PreScan
 .text.CapSense_CSD_PostScan
                0x00000cd4       0x74 .\CortexM0\ARM_GCC_541\Debug\STELLANOVA_2021.a(CapSense_CSD.o)
                0x00000cd4                CapSense_CSD_PostScan
 .text.CapSense_CSD_SetShieldDelay
                0x00000d48       0x34 .\CortexM0\ARM_GCC_541\Debug\STELLANOVA_2021.a(CapSense_CSD.o)
                0x00000d48                CapSense_CSD_SetShieldDelay
 .text.CapSense_CSD_GetBitValue
                0x00000d7c       0x44 .\CortexM0\ARM_GCC_541\Debug\STELLANOVA_2021.a(CapSense_CSD.o)
                0x00000d7c                CapSense_CSD_GetBitValue
 .text.CapSense_CSD_SetBitValue
                0x00000dc0       0x6c .\CortexM0\ARM_GCC_541\Debug\STELLANOVA_2021.a(CapSense_CSD.o)
                0x00000dc0                CapSense_CSD_SetBitValue
 .text.CapSense_CSD_GetSensorRaw
                0x00000e2c       0x50 .\CortexM0\ARM_GCC_541\Debug\STELLANOVA_2021.a(CapSense_CSD.o)
                0x00000e2c                CapSense_CSD_GetSensorRaw
 .text.CapSense_CSD_CalibrateSensor
                0x00000e7c       0x9c .\CortexM0\ARM_GCC_541\Debug\STELLANOVA_2021.a(CapSense_CSD.o)
                0x00000e7c                CapSense_CSD_CalibrateSensor
 .text.CapSense_CSD_SetUnscannedSensorState
                0x00000f18       0x24 .\CortexM0\ARM_GCC_541\Debug\STELLANOVA_2021.a(CapSense_CSD.o)
                0x00000f18                CapSense_CSD_SetUnscannedSensorState
 .text.CapSense_CSD_BaseInit
                0x00000f3c       0x9c .\CortexM0\ARM_GCC_541\Debug\STELLANOVA_2021.a(CapSense_CSD_CSHL.o)
                0x00000f3c                CapSense_CSD_BaseInit
 .text.CapSense_CSD_InitializeSensorBaseline
                0x00000fd8       0x2c .\CortexM0\ARM_GCC_541\Debug\STELLANOVA_2021.a(CapSense_CSD_CSHL.o)
                0x00000fd8                CapSense_CSD_InitializeSensorBaseline
 .text.CapSense_CSD_InitializeAllBaselines
                0x00001004       0x28 .\CortexM0\ARM_GCC_541\Debug\STELLANOVA_2021.a(CapSense_CSD_CSHL.o)
                0x00001004                CapSense_CSD_InitializeAllBaselines
 .text.CapSense_CSD_UpdateBaselineNoThreshold
                0x0000102c      0x200 .\CortexM0\ARM_GCC_541\Debug\STELLANOVA_2021.a(CapSense_CSD_CSHL.o)
                0x0000102c                CapSense_CSD_UpdateBaselineNoThreshold
 .text.CapSense_CSD_UpdateSensorBaseline
                0x0000122c       0x18 .\CortexM0\ARM_GCC_541\Debug\STELLANOVA_2021.a(CapSense_CSD_CSHL.o)
                0x0000122c                CapSense_CSD_UpdateSensorBaseline
 .text.CapSense_CSD_UpdateEnabledBaselines
                0x00001244       0x44 .\CortexM0\ARM_GCC_541\Debug\STELLANOVA_2021.a(CapSense_CSD_CSHL.o)
                0x00001244                CapSense_CSD_UpdateEnabledBaselines
 .text.CapSense_CSD_GetDiffCountData
                0x00001288       0x1c .\CortexM0\ARM_GCC_541\Debug\STELLANOVA_2021.a(CapSense_CSD_CSHL.o)
                0x00001288                CapSense_CSD_GetDiffCountData
 .text.CapSense_CSD_CheckIsSensorActive
                0x000012a4      0x134 .\CortexM0\ARM_GCC_541\Debug\STELLANOVA_2021.a(CapSense_CSD_CSHL.o)
                0x000012a4                CapSense_CSD_CheckIsSensorActive
 .text.CapSense_CSD_CheckIsWidgetActive
                0x000013d8       0x58 .\CortexM0\ARM_GCC_541\Debug\STELLANOVA_2021.a(CapSense_CSD_CSHL.o)
                0x000013d8                CapSense_CSD_CheckIsWidgetActive
 .text.CapSense_CSD_MedianFilter
                0x00001430       0x78 .\CortexM0\ARM_GCC_541\Debug\STELLANOVA_2021.a(CapSense_CSD_CSHL.o)
                0x00001430                CapSense_CSD_MedianFilter
 .text.CapSense_CSD_ISR
                0x000014a8       0xd8 .\CortexM0\ARM_GCC_541\Debug\STELLANOVA_2021.a(CapSense_CSD_INT.o)
                0x000014a8                CapSense_CSD_ISR
 .text.LED_CONTROL_Init
                0x00001580       0x58 .\CortexM0\ARM_GCC_541\Debug\STELLANOVA_2021.a(LED_CONTROL.o)
                0x00001580                LED_CONTROL_Init
 .text.LED_CONTROL_Enable
                0x000015d8       0x3c .\CortexM0\ARM_GCC_541\Debug\STELLANOVA_2021.a(LED_CONTROL.o)
                0x000015d8                LED_CONTROL_Enable
 .text.LED_CONTROL_Start
                0x00001614       0x24 .\CortexM0\ARM_GCC_541\Debug\STELLANOVA_2021.a(LED_CONTROL.o)
                0x00001614                LED_CONTROL_Start
 .text.LED_CONTROL_WriteCounter
                0x00001638       0x20 .\CortexM0\ARM_GCC_541\Debug\STELLANOVA_2021.a(LED_CONTROL.o)
                0x00001638                LED_CONTROL_WriteCounter
 .text.LED_CONTROL_WritePeriod
                0x00001658       0x20 .\CortexM0\ARM_GCC_541\Debug\STELLANOVA_2021.a(LED_CONTROL.o)
                0x00001658                LED_CONTROL_WritePeriod
 .text.LED_CONTROL_WriteCompare
                0x00001678       0x20 .\CortexM0\ARM_GCC_541\Debug\STELLANOVA_2021.a(LED_CONTROL.o)
                0x00001678                LED_CONTROL_WriteCompare
 .text.LED_CONTROL_TriggerCommand
                0x00001698       0x3c .\CortexM0\ARM_GCC_541\Debug\STELLANOVA_2021.a(LED_CONTROL.o)
                0x00001698                LED_CONTROL_TriggerCommand
 .text.LED_CONTROL_SetInterruptMode
                0x000016d4       0x1c .\CortexM0\ARM_GCC_541\Debug\STELLANOVA_2021.a(LED_CONTROL.o)
                0x000016d4                LED_CONTROL_SetInterruptMode
 .text.SW_Tx_UART_1_Start
                0x000016f0        0xc .\CortexM0\ARM_GCC_541\Debug\STELLANOVA_2021.a(SW_Tx_UART_1.o)
                0x000016f0                SW_Tx_UART_1_Start
 .text.SW_Tx_UART_1_PutString
                0x000016fc       0x5c .\CortexM0\ARM_GCC_541\Debug\STELLANOVA_2021.a(SW_Tx_UART_1.o)
                0x000016fc                SW_Tx_UART_1_PutString
 .text.SW_Tx_UART_1_PutCRLF
                0x00001758       0x18 .\CortexM0\ARM_GCC_541\Debug\STELLANOVA_2021.a(SW_Tx_UART_1.o)
                0x00001758                SW_Tx_UART_1_PutCRLF
 .text.CapSense_CSD_SampleClk_Start
                0x00001770       0x1c .\CortexM0\ARM_GCC_541\Debug\STELLANOVA_2021.a(CapSense_CSD_SampleClk.o)
                0x00001770                CapSense_CSD_SampleClk_Start
 .text.CapSense_CSD_SampleClk_Stop
                0x0000178c       0x1c .\CortexM0\ARM_GCC_541\Debug\STELLANOVA_2021.a(CapSense_CSD_SampleClk.o)
                0x0000178c                CapSense_CSD_SampleClk_Stop
 .text.CapSense_CSD_SampleClk_SetFractionalDividerRegister
                0x000017a8       0x38 .\CortexM0\ARM_GCC_541\Debug\STELLANOVA_2021.a(CapSense_CSD_SampleClk.o)
                0x000017a8                CapSense_CSD_SampleClk_SetFractionalDividerRegister
 .text.CapSense_CSD_SenseClk_Start
                0x000017e0       0x1c .\CortexM0\ARM_GCC_541\Debug\STELLANOVA_2021.a(CapSense_CSD_SenseClk.o)
                0x000017e0                CapSense_CSD_SenseClk_Start
 .text.CapSense_CSD_SenseClk_Stop
                0x000017fc       0x1c .\CortexM0\ARM_GCC_541\Debug\STELLANOVA_2021.a(CapSense_CSD_SenseClk.o)
                0x000017fc                CapSense_CSD_SenseClk_Stop
 .text.CapSense_CSD_SenseClk_SetFractionalDividerRegister
                0x00001818       0x38 .\CortexM0\ARM_GCC_541\Debug\STELLANOVA_2021.a(CapSense_CSD_SenseClk.o)
                0x00001818                CapSense_CSD_SenseClk_SetFractionalDividerRegister
 .text.CySysClkWriteImoFreq
                0x00001850      0x1ec .\CortexM0\ARM_GCC_541\Debug\STELLANOVA_2021.a(CyLib.o)
                0x00001850                CySysClkWriteImoFreq
 .text.CyIntSetVector
                0x00001a3c       0x4c .\CortexM0\ARM_GCC_541\Debug\STELLANOVA_2021.a(CyLib.o)
                0x00001a3c                CyIntSetVector
 .text.CyIntSetPriority
                0x00001a88       0xa8 .\CortexM0\ARM_GCC_541\Debug\STELLANOVA_2021.a(CyLib.o)
                0x00001a88                CyIntSetPriority
 .text.CyIntEnable
                0x00001b30       0x2c .\CortexM0\ARM_GCC_541\Debug\STELLANOVA_2021.a(CyLib.o)
                0x00001b30                CyIntEnable
 .text.CyIntDisable
                0x00001b5c       0x2c .\CortexM0\ARM_GCC_541\Debug\STELLANOVA_2021.a(CyLib.o)
                0x00001b5c                CyIntDisable
 .text.CyHalt   0x00001b88       0x18 .\CortexM0\ARM_GCC_541\Debug\STELLANOVA_2021.a(CyLib.o)
                0x00001b88                CyHalt
 .text.CyDelayUs
                0x00001ba0       0x28 .\CortexM0\ARM_GCC_541\Debug\STELLANOVA_2021.a(CyLib.o)
                0x00001ba0                CyDelayUs
 *fill*         0x00001bc8       0x18 
 .text          0x00001be0       0xd4 .\CortexM0\ARM_GCC_541\Debug\STELLANOVA_2021.a(SW_Tx_UART_1_AsmGnu.o)
                0x00001be0                SW_Tx_UART_1_PutChar
 *fill*         0x00001cb4        0x4 
 .text          0x00001cb8       0x24 .\CortexM0\ARM_GCC_541\Debug\STELLANOVA_2021.a(CyBootAsmGnu.o)
                0x00001cb8                CyDelayCycles
                0x00001ccc                CyEnterCriticalSection
                0x00001cd4                CyExitCriticalSection
 .text          0x00001cdc      0x114 c:/program files (x86)/cypress/psoc creator/4.3/psoc creator/import/gnu/arm/5.4.1/bin/../lib/gcc/arm-none-eabi/5.4.1/armv6-m\libgcc.a(_udivsi3.o)
                0x00001cdc                __aeabi_uidiv
                0x00001cdc                __udivsi3
                0x00001de8                __aeabi_uidivmod
 .text          0x00001df0        0x4 c:/program files (x86)/cypress/psoc creator/4.3/psoc creator/import/gnu/arm/5.4.1/bin/../lib/gcc/arm-none-eabi/5.4.1/armv6-m\libgcc.a(_dvmd_tls.o)
                0x00001df0                __aeabi_idiv0
                0x00001df0                __aeabi_ldiv0
 .text          0x00001df4       0x3c c:/program files (x86)/cypress/psoc creator/4.3/psoc creator/import/gnu/arm/5.4.1/bin/../lib/gcc/arm-none-eabi/5.4.1/armv6-m\libgcc.a(_fixunsdfsi.o)
                0x00001df4                __aeabi_d2uiz
                0x00001df4                __fixunsdfsi
 .text          0x00001e30      0x4f4 c:/program files (x86)/cypress/psoc creator/4.3/psoc creator/import/gnu/arm/5.4.1/bin/../lib/gcc/arm-none-eabi/5.4.1/armv6-m\libgcc.a(muldf3.o)
                0x00001e30                __aeabi_dmul
 .text          0x00002324      0x6a8 c:/program files (x86)/cypress/psoc creator/4.3/psoc creator/import/gnu/arm/5.4.1/bin/../lib/gcc/arm-none-eabi/5.4.1/armv6-m\libgcc.a(subdf3.o)
                0x00002324                __aeabi_dsub
 .text          0x000029cc       0x6c c:/program files (x86)/cypress/psoc creator/4.3/psoc creator/import/gnu/arm/5.4.1/bin/../lib/gcc/arm-none-eabi/5.4.1/armv6-m\libgcc.a(fixdfsi.o)
                0x000029cc                __aeabi_d2iz
 .text          0x00002a38       0x70 c:/program files (x86)/cypress/psoc creator/4.3/psoc creator/import/gnu/arm/5.4.1/bin/../lib/gcc/arm-none-eabi/5.4.1/armv6-m\libgcc.a(floatunsidf.o)
                0x00002a38                __aeabi_ui2d
 .text          0x00002aa8       0x7c c:/program files (x86)/cypress/psoc creator/4.3/psoc creator/import/gnu/arm/5.4.1/bin/../lib/gcc/arm-none-eabi/5.4.1/armv6-m\libgcc.a(_arm_cmpdf2.o)
                0x00002aa8                __aeabi_cdrcmple
                0x00002ab8                __aeabi_cdcmple
                0x00002ab8                __aeabi_cdcmpeq
                0x00002ac8                __aeabi_dcmpeq
                0x00002ad4                __aeabi_dcmplt
                0x00002ae8                __aeabi_dcmple
                0x00002afc                __aeabi_dcmpgt
                0x00002b10                __aeabi_dcmpge
 .text          0x00002b24       0x3c c:/program files (x86)/cypress/psoc creator/4.3/psoc creator/import/gnu/arm/5.4.1/bin/../lib/gcc/arm-none-eabi/5.4.1/armv6-m\libgcc.a(_clzsi2.o)
                0x00002b24                __clzsi2
 .text          0x00002b60       0x80 c:/program files (x86)/cypress/psoc creator/4.3/psoc creator/import/gnu/arm/5.4.1/bin/../lib/gcc/arm-none-eabi/5.4.1/armv6-m\libgcc.a(eqdf2.o)
                0x00002b60                __nedf2
                0x00002b60                __eqdf2
 .text          0x00002be0       0xc8 c:/program files (x86)/cypress/psoc creator/4.3/psoc creator/import/gnu/arm/5.4.1/bin/../lib/gcc/arm-none-eabi/5.4.1/armv6-m\libgcc.a(gedf2.o)
                0x00002be0                __gedf2
                0x00002be0                __gtdf2
 .text          0x00002ca8       0xd4 c:/program files (x86)/cypress/psoc creator/4.3/psoc creator/import/gnu/arm/5.4.1/bin/../lib/gcc/arm-none-eabi/5.4.1/armv6-m\libgcc.a(ledf2.o)
                0x00002ca8                __ledf2
                0x00002ca8                __ltdf2
 .text.__errno  0x00002d7c        0xc c:/program files (x86)/cypress/psoc creator/4.3/psoc creator/import/gnu/arm/5.4.1/bin/../lib/gcc/arm-none-eabi/5.4.1/../../../../arm-none-eabi/lib/armv6-m\libg_nano.a(lib_a-errno.o)
                0x00002d7c                __errno
 .text.__libc_init_array
                0x00002d88       0x4c c:/program files (x86)/cypress/psoc creator/4.3/psoc creator/import/gnu/arm/5.4.1/bin/../lib/gcc/arm-none-eabi/5.4.1/../../../../arm-none-eabi/lib/armv6-m\libg_nano.a(lib_a-init.o)
                0x00002d88                __libc_init_array
 .text.__itoa   0x00002dd4       0x2e c:/program files (x86)/cypress/psoc creator/4.3/psoc creator/import/gnu/arm/5.4.1/bin/../lib/gcc/arm-none-eabi/5.4.1/../../../../arm-none-eabi/lib/armv6-m\libg_nano.a(lib_a-itoa.o)
                0x00002dd4                __itoa
 .text.itoa     0x00002e02        0x8 c:/program files (x86)/cypress/psoc creator/4.3/psoc creator/import/gnu/arm/5.4.1/bin/../lib/gcc/arm-none-eabi/5.4.1/../../../../arm-none-eabi/lib/armv6-m\libg_nano.a(lib_a-itoa.o)
                0x00002e02                itoa
 .text.memcpy   0x00002e0a       0x12 c:/program files (x86)/cypress/psoc creator/4.3/psoc creator/import/gnu/arm/5.4.1/bin/../lib/gcc/arm-none-eabi/5.4.1/../../../../arm-none-eabi/lib/armv6-m\libg_nano.a(lib_a-memcpy-stub.o)
                0x00002e0a                memcpy
 .text.memset   0x00002e1c       0x10 c:/program files (x86)/cypress/psoc creator/4.3/psoc creator/import/gnu/arm/5.4.1/bin/../lib/gcc/arm-none-eabi/5.4.1/../../../../arm-none-eabi/lib/armv6-m\libg_nano.a(lib_a-memset.o)
                0x00002e1c                memset
 .text.__utoa   0x00002e2c       0x74 c:/program files (x86)/cypress/psoc creator/4.3/psoc creator/import/gnu/arm/5.4.1/bin/../lib/gcc/arm-none-eabi/5.4.1/../../../../arm-none-eabi/lib/armv6-m\libg_nano.a(lib_a-utoa.o)
                0x00002e2c                __utoa
 *(.plt)
 *(.gnu.warning)
 *(.glue_7t)
 .glue_7t       0x00002ea0        0x0 linker stubs
 *(.glue_7)
 .glue_7        0x00002ea0        0x0 linker stubs
 *(.vfp11_veneer)
 .vfp11_veneer  0x00002ea0        0x0 linker stubs
 *(.bootloader)
 *(.ARM.extab* .gnu.linkonce.armextab.*)
 *(.gcc_except_table)

.v4_bx          0x00002ea0        0x0
 .v4_bx         0x00002ea0        0x0 linker stubs

.iplt           0x00002ea0        0x0
 .iplt          0x00002ea0        0x0 c:/program files (x86)/cypress/psoc creator/4.3/psoc creator/import/gnu/arm/5.4.1/bin/../lib/gcc/arm-none-eabi/5.4.1/armv6-m/crtbegin.o

.eh_frame_hdr
 *(.eh_frame_hdr)

.eh_frame       0x00002ea0        0x4
 *(.eh_frame)
 .eh_frame      0x00002ea0        0x0 c:/program files (x86)/cypress/psoc creator/4.3/psoc creator/import/gnu/arm/5.4.1/bin/../lib/gcc/arm-none-eabi/5.4.1/armv6-m/crtbegin.o
 .eh_frame      0x00002ea0        0x4 c:/program files (x86)/cypress/psoc creator/4.3/psoc creator/import/gnu/arm/5.4.1/bin/../lib/gcc/arm-none-eabi/5.4.1/armv6-m/crtend.o
                [!provide]                PROVIDE (__exidx_start, .)

.ARM.exidx
 *(.ARM.exidx* .gnu.linkonce.armexidx.*)
                0x00002ea4                __exidx_end = .

.rodata         0x00002ea4      0x1cc
 *(.rodata .rodata.* .gnu.linkonce.r.*)
 .rodata        0x00002ea4       0x58 .\CortexM0\ARM_GCC_541\Debug\cyfitter_cfg.o
 .rodata        0x00002efc       0x90 .\CortexM0\ARM_GCC_541\Debug\STELLANOVA_2021.a(CapSense_CSD.o)
                0x00002efc                CapSense_CSD_portTable
                0x00002f08                CapSense_CSD_maskTable
                0x00002f38                CapSense_CSD_pinShiftTbl
                0x00002f44                CapSense_CSD_widgetNumber
                0x00002f50                CapSense_CSD_prtSelTbl
                0x00002f64                CapSense_CSD_prtCfgTbl
                0x00002f78                CapSense_CSD_prtDRTbl
 .rodata        0x00002f8c       0x18 .\CortexM0\ARM_GCC_541\Debug\STELLANOVA_2021.a(CapSense_CSD_CSHL.o)
                0x00002f8c                CapSense_CSD_rawDataIndex
                0x00002f98                CapSense_CSD_numberOfSensors
 .rodata        0x00002fa4       0x2e .\CortexM0\ARM_GCC_541\Debug\STELLANOVA_2021.a(CyLib.o)
                0x00002fa4                cyImoFreqMhz2Reg
 *fill*         0x00002fd2        0x2 
 .rodata        0x00002fd4       0x40 c:/program files (x86)/cypress/psoc creator/4.3/psoc creator/import/gnu/arm/5.4.1/bin/../lib/gcc/arm-none-eabi/5.4.1/armv6-m\libgcc.a(muldf3.o)
 .rodata.str1.1
                0x00003014        0x2 c:/program files (x86)/cypress/psoc creator/4.3/psoc creator/import/gnu/arm/5.4.1/bin/../lib/gcc/arm-none-eabi/5.4.1/../../../../arm-none-eabi/lib/armv6-m\libg_nano.a(lib_a-impure.o)
 .rodata.str1.1
                0x00003016       0x25 c:/program files (x86)/cypress/psoc creator/4.3/psoc creator/import/gnu/arm/5.4.1/bin/../lib/gcc/arm-none-eabi/5.4.1/../../../../arm-none-eabi/lib/armv6-m\libg_nano.a(lib_a-utoa.o)
                0x0000303c                . = ALIGN (0x4)
 *fill*         0x0000303b        0x1 
 *(.init)
 .init          0x0000303c        0x4 c:/program files (x86)/cypress/psoc creator/4.3/psoc creator/import/gnu/arm/5.4.1/bin/../lib/gcc/arm-none-eabi/5.4.1/armv6-m/crti.o
                0x0000303c                _init
 .init          0x00003040        0x8 c:/program files (x86)/cypress/psoc creator/4.3/psoc creator/import/gnu/arm/5.4.1/bin/../lib/gcc/arm-none-eabi/5.4.1/armv6-m/crtn.o
                0x00003048                . = ALIGN (0x4)
                0x00003048                __preinit_array_start = .
 *(.preinit_array)
                0x00003048                __preinit_array_end = .
                0x00003048                . = ALIGN (0x4)
                0x00003048                __init_array_start = .
 *(SORT(.init_array.*))
 *(.init_array)
 .init_array    0x00003048        0x4 c:/program files (x86)/cypress/psoc creator/4.3/psoc creator/import/gnu/arm/5.4.1/bin/../lib/gcc/arm-none-eabi/5.4.1/armv6-m/crtbegin.o
 .init_array    0x0000304c        0x4 .\CortexM0\ARM_GCC_541\Debug\Cm0Start.o
                0x00003050                __init_array_end = .
                0x00003050                . = ALIGN (0x4)
 *(.fini)
 .fini          0x00003050        0x4 c:/program files (x86)/cypress/psoc creator/4.3/psoc creator/import/gnu/arm/5.4.1/bin/../lib/gcc/arm-none-eabi/5.4.1/armv6-m/crti.o
                0x00003050                _fini
 .fini          0x00003054        0x8 c:/program files (x86)/cypress/psoc creator/4.3/psoc creator/import/gnu/arm/5.4.1/bin/../lib/gcc/arm-none-eabi/5.4.1/armv6-m/crtn.o
                0x0000305c                . = ALIGN (0x4)
                0x0000305c                __fini_array_start = .
 *(.fini_array)
 .fini_array    0x0000305c        0x4 c:/program files (x86)/cypress/psoc creator/4.3/psoc creator/import/gnu/arm/5.4.1/bin/../lib/gcc/arm-none-eabi/5.4.1/armv6-m/crtbegin.o
 *(SORT(.fini_array.*))
                0x00003060                __fini_array_end = .
                0x00003060                . = ALIGN (0x4)
 *crtbegin.o(.ctors)
 *(EXCLUDE_FILE(*crtend.o) .ctors)
 *(SORT(.ctors.*))
 *crtend.o(.ctors)
                0x00003060                . = ALIGN (0x4)
 *crtbegin.o(.dtors)
 *(EXCLUDE_FILE(*crtend.o) .dtors)
 *(SORT(.dtors.*))
 *crtend.o(.dtors)
                0x00003060                . = ALIGN (0x4)
                0x00003060                __cy_regions = .
                0x00003060        0x4 LONG 0x3070 __cy_region_init_ram
                0x00003064        0x4 LONG 0x200000c8 __cy_region_start_data
                0x00003068        0x4 LONG 0x198 __cy_region_init_size_ram
                0x0000306c        0x4 LONG 0x178 __cy_region_zero_size_ram
                0x00003070                __cy_regions_end = .
                0x00003070                . = ALIGN (0x8)
                0x00003070                _etext = .

.cy_checksum_exclude
                0x00003070        0x0
 *(.cy_checksum_exclude)

.ramvectors     0x20000000       0xc0
                0x20000000                __cy_region_start_ram = .
 *(.ramvectors)
 .ramvectors    0x20000000       0xc0 .\CortexM0\ARM_GCC_541\Debug\Cm0Start.o
                0x20000000                CyRamVectors

.noinit         0x200000c0        0x4
 *(.noinit)
 .noinit        0x200000c0        0x4 .\CortexM0\ARM_GCC_541\Debug\Cm0Start.o

.data           0x200000c8      0x198 load address 0x00003070
                0x200000c8                __cy_region_start_data = .
 *(.jcr)
 .jcr           0x200000c8        0x0 c:/program files (x86)/cypress/psoc creator/4.3/psoc creator/import/gnu/arm/5.4.1/bin/../lib/gcc/arm-none-eabi/5.4.1/armv6-m/crtbegin.o
 .jcr           0x200000c8        0x4 c:/program files (x86)/cypress/psoc creator/4.3/psoc creator/import/gnu/arm/5.4.1/bin/../lib/gcc/arm-none-eabi/5.4.1/armv6-m/crtend.o
 *(.got.plt)
 *(.got)
 *(.shdata)
 *(.data .data.* .gnu.linkonce.d.*)
 .data          0x200000cc       0x94 .\CortexM0\ARM_GCC_541\Debug\STELLANOVA_2021.a(CapSense_CSD.o)
                0x200000cc                CapSense_CSD_sensorEnableMask
                0x200000d0                CapSense_CSD_pcTable
                0x20000100                CapSense_CSD_modulationIDAC
                0x2000010c                CapSense_CSD_compensationIDAC
                0x20000118                CapSense_CSD_widgetResolution
                0x20000148                CapSense_CSD_senseClkDividerVal
                0x20000154                CapSense_CSD_sampleClkDividerVal
 .data          0x20000160       0x7c .\CortexM0\ARM_GCC_541\Debug\STELLANOVA_2021.a(CapSense_CSD_CSHL.o)
                0x20000160                CapSense_CSD_lowBaselineReset
                0x2000016c                CapSense_CSD_enableRawFilters
                0x20000170                CapSense_CSD_fingerThreshold
                0x20000188                CapSense_CSD_noiseThreshold
                0x200001a0                CapSense_CSD_negativeNoiseThreshold
                0x200001b8                CapSense_CSD_hysteresis
                0x200001d0                CapSense_CSD_debounce
 .data          0x200001dc        0x8 .\CortexM0\ARM_GCC_541\Debug\STELLANOVA_2021.a(SW_Tx_UART_1.o)
                0x200001dc                SW_Tx_UART_1_pinNumber
                0x200001e0                SW_Tx_UART_1_pinDrAdress
 .data          0x200001e4       0x14 .\CortexM0\ARM_GCC_541\Debug\STELLANOVA_2021.a(CyLib.o)
                0x200001e4                cydelayFreqHz
                0x200001e8                cydelayFreqKhz
                0x200001ec                cydelayFreqMhz
                0x200001f0                cydelay32kMs
                0x200001f4                CySysClkPumpConfig
 .data.impure_data
                0x200001f8       0x60 c:/program files (x86)/cypress/psoc creator/4.3/psoc creator/import/gnu/arm/5.4.1/bin/../lib/gcc/arm-none-eabi/5.4.1/../../../../arm-none-eabi/lib/armv6-m\libg_nano.a(lib_a-impure.o)
 .data._impure_ptr
                0x20000258        0x4 c:/program files (x86)/cypress/psoc creator/4.3/psoc creator/import/gnu/arm/5.4.1/bin/../lib/gcc/arm-none-eabi/5.4.1/../../../../arm-none-eabi/lib/armv6-m\libg_nano.a(lib_a-impure.o)
                0x20000258                _impure_ptr
                0x20000260                . = ALIGN (0x8)
 *fill*         0x2000025c        0x4 
 *(.ram)
                0x20000260                _edata = .

.igot.plt       0x20000260        0x0 load address 0x00003208
 .igot.plt      0x20000260        0x0 c:/program files (x86)/cypress/psoc creator/4.3/psoc creator/import/gnu/arm/5.4.1/bin/../lib/gcc/arm-none-eabi/5.4.1/armv6-m/crtbegin.o

.bss            0x20000260      0x178 load address 0x00003208
                0x20000260                PROVIDE (__bss_start__, .)
 *(.shbss)
 *(.bss .bss.* .gnu.linkonce.b.*)
 .bss           0x20000260       0x1c c:/program files (x86)/cypress/psoc creator/4.3/psoc creator/import/gnu/arm/5.4.1/bin/../lib/gcc/arm-none-eabi/5.4.1/armv6-m/crtbegin.o
 .bss           0x2000027c       0x4c .\CortexM0\ARM_GCC_541\Debug\main.o
                0x2000027c                bright
                0x20000280                Button
                0x20000298                Status
                0x200002b0                myData
 .bss           0x200002c8       0x1d .\CortexM0\ARM_GCC_541\Debug\STELLANOVA_2021.a(CapSense_CSD.o)
                0x200002c8                CapSense_CSD_prescalersTuningDone
                0x200002c9                CapSense_CSD_csdStatusVar
                0x200002ca                CapSense_CSD_sensorIndex
                0x200002cc                CapSense_CSD_sensorRaw
 *fill*         0x200002e5        0x3 
 .bss           0x200002e8       0x4d .\CortexM0\ARM_GCC_541\Debug\STELLANOVA_2021.a(CapSense_CSD_CSHL.o)
                0x200002e8                CapSense_CSD_sensorBaseline
                0x20000300                CapSense_CSD_sensorBaselineLow
                0x2000030c                CapSense_CSD_sensorSignal
                0x20000324                CapSense_CSD_sensorOnMask
 .bss           0x20000335        0x1 .\CortexM0\ARM_GCC_541\Debug\STELLANOVA_2021.a(CapSense_CSD_INT.o)
 .bss           0x20000336        0x1 .\CortexM0\ARM_GCC_541\Debug\STELLANOVA_2021.a(LED_CONTROL.o)
                0x20000336                LED_CONTROL_initVar
 *fill*         0x20000337        0x1 
 .bss           0x20000338        0x4 .\CortexM0\ARM_GCC_541\Debug\STELLANOVA_2021.a(SW_Tx_UART_1.o)
                0x20000338                SW_Tx_UART_1_pinPortNumber
 *(COMMON)
 COMMON         0x2000033c       0x48 .\CortexM0\ARM_GCC_541\Debug\main.o
                0x2000033c                DataStr
 COMMON         0x20000384       0x14 .\CortexM0\ARM_GCC_541\Debug\STELLANOVA_2021.a(CapSense_CSD.o)
                0x20000384                CapSense_CSD_csdTrim1
                0x20000388                CapSense_CSD_sensorEnableMaskBackup
                0x2000038c                CapSense_CSD_unscannedSnsDriveMode
 COMMON         0x20000398       0x3c .\CortexM0\ARM_GCC_541\Debug\STELLANOVA_2021.a(CapSense_CSD_CSHL.o)
                0x20000398                CapSense_CSD_rawFilterData1
                0x200003b0                CapSense_CSD_lowBaselineResetCnt
                0x200003bc                CapSense_CSD_rawFilterData2
                0x200003d8                . = ALIGN (0x8)
 *fill*         0x200003d4        0x4 
 *(.ram.b)
                0x200003d8                _end = .
                0x200003d8                __end = .
                0x200003d8                PROVIDE (end, .)
                0x200003d8                PROVIDE (__bss_end__, .)
                0x00003070                __cy_region_init_ram = LOADADDR (.data)
                0x00000198                __cy_region_init_size_ram = (_edata - ADDR (.data))
                0x00000178                __cy_region_zero_size_ram = (_end - _edata)

.heap           0x200003d8      0x100 load address 0x00003208
                0x200003d8                . = _end
                0x200004d8                . = (. + 0x100)
 *fill*         0x200003d8      0x100 
                0x200004d8                __cy_heap_limit = .

.stack          0x20000c00      0x400
                0x20000c00                __cy_stack_limit = .
                0x20001000                . = (. + 0x400)
 *fill*         0x20000c00      0x400 
                0x00000001                ASSERT ((__cy_stack_limit >= __cy_heap_limit), region RAM overflowed with stack)
                0x00000000                cy_checksum_exclude_size = (CY_APPL_LOADABLE == 0x1)?SIZEOF (.cy_checksum_exclude):0x0
                0x00000001                ASSERT ((cy_checksum_exclude_size <= CY_CHECKSUM_EXCLUDE_SIZE), CY_BOOT: Section .cy_checksum_exclude size exceedes specified limit.)
                0x00007fc0                cyloadermeta_start = (cy_project_type_bootloader || cy_project_type_app_for_stack_and_copier)?(LENGTH (rom) - CY_METADATA_SIZE):0xf0000000

.cyloadermeta
 *(.cyloadermeta)
                0x00007fc0                cyloadablemeta_start = cy_project_type_app_for_stack_and_copier?((LENGTH (rom) - CY_FLASH_ROW_SIZE) - CY_METADATA_SIZE):((LENGTH (rom) - (CY_FLASH_ROW_SIZE * (CY_APPL_NUM - 0x1))) - CY_METADATA_SIZE)

.cyloadablemeta
 *(.cyloadablemeta)

.cyflashprotect
                0x90400000       0x20
 *(.cyflashprotect)
 .cyflashprotect
                0x90400000       0x20 .\CortexM0\ARM_GCC_541\Debug\cymetadata.o
                0x90400000                cy_meta_flashprotect

.cymeta         0x90500000        0xc
 *(.cymeta)
 .cymeta        0x90500000        0xc .\CortexM0\ARM_GCC_541\Debug\cymetadata.o
                0x90500000                cy_metadata

.cychipprotect  0x90600000        0x1
 *(.cychipprotect)
 .cychipprotect
                0x90600000        0x1 .\CortexM0\ARM_GCC_541\Debug\cymetadata.o
                0x90600000                cy_meta_chipprotect

.rel.dyn        0x00003208        0x0 load address 0x90600004
 .rel.iplt      0x00003208        0x0 c:/program files (x86)/cypress/psoc creator/4.3/psoc creator/import/gnu/arm/5.4.1/bin/../lib/gcc/arm-none-eabi/5.4.1/armv6-m/crtbegin.o

.stab
 *(.stab)

.stabstr
 *(.stabstr)

.debug
 *(.debug)

.line
 *(.line)

.debug_srcinfo
 *(.debug_srcinfo)

.debug_sfnames
 *(.debug_sfnames)

.debug_aranges  0x00000000      0x758
 *(.debug_aranges)
 .debug_aranges
                0x00000000       0x20 .\CortexM0\ARM_GCC_541\Debug\main.o
 .debug_aranges
                0x00000020       0x58 .\CortexM0\ARM_GCC_541\Debug\cyfitter_cfg.o
 .debug_aranges
                0x00000078       0x18 .\CortexM0\ARM_GCC_541\Debug\cymetadata.o
 .debug_aranges
                0x00000090       0x48 .\CortexM0\ARM_GCC_541\Debug\Cm0Start.o
 .debug_aranges
                0x000000d8      0x158 .\CortexM0\ARM_GCC_541\Debug\STELLANOVA_2021.a(CapSense_CSD.o)
 .debug_aranges
                0x00000230      0x120 .\CortexM0\ARM_GCC_541\Debug\STELLANOVA_2021.a(CapSense_CSD_CSHL.o)
 .debug_aranges
                0x00000350       0x20 .\CortexM0\ARM_GCC_541\Debug\STELLANOVA_2021.a(CapSense_CSD_INT.o)
 .debug_aranges
                0x00000370      0x158 .\CortexM0\ARM_GCC_541\Debug\STELLANOVA_2021.a(LED_CONTROL.o)
 .debug_aranges
                0x000004c8       0x50 .\CortexM0\ARM_GCC_541\Debug\STELLANOVA_2021.a(SW_Tx_UART_1.o)
 .debug_aranges
                0x00000518       0x40 .\CortexM0\ARM_GCC_541\Debug\STELLANOVA_2021.a(CapSense_CSD_SampleClk.o)
 .debug_aranges
                0x00000558       0x40 .\CortexM0\ARM_GCC_541\Debug\STELLANOVA_2021.a(CapSense_CSD_SenseClk.o)
 .debug_aranges
                0x00000598      0x180 .\CortexM0\ARM_GCC_541\Debug\STELLANOVA_2021.a(CyLib.o)
 .debug_aranges
                0x00000718       0x20 .\CortexM0\ARM_GCC_541\Debug\STELLANOVA_2021.a(SW_Tx_UART_1_AsmGnu.o)
 .debug_aranges
                0x00000738       0x20 .\CortexM0\ARM_GCC_541\Debug\STELLANOVA_2021.a(CyBootAsmGnu.o)

.debug_pubnames
 *(.debug_pubnames)

.debug_info     0x00000000     0x35ae
 *(.debug_info .gnu.linkonce.wi.*)
 .debug_info    0x00000000      0x18c .\CortexM0\ARM_GCC_541\Debug\main.o
 .debug_info    0x0000018c      0x393 .\CortexM0\ARM_GCC_541\Debug\cyfitter_cfg.o
 .debug_info    0x0000051f       0xf8 .\CortexM0\ARM_GCC_541\Debug\cymetadata.o
 .debug_info    0x00000617      0x312 .\CortexM0\ARM_GCC_541\Debug\Cm0Start.o
 .debug_info    0x00000929      0xc07 .\CortexM0\ARM_GCC_541\Debug\STELLANOVA_2021.a(CapSense_CSD.o)
 .debug_info    0x00001530      0x973 .\CortexM0\ARM_GCC_541\Debug\STELLANOVA_2021.a(CapSense_CSD_CSHL.o)
 .debug_info    0x00001ea3      0x124 .\CortexM0\ARM_GCC_541\Debug\STELLANOVA_2021.a(CapSense_CSD_INT.o)
 .debug_info    0x00001fc7      0x6fb .\CortexM0\ARM_GCC_541\Debug\STELLANOVA_2021.a(LED_CONTROL.o)
 .debug_info    0x000026c2      0x222 .\CortexM0\ARM_GCC_541\Debug\STELLANOVA_2021.a(SW_Tx_UART_1.o)
 .debug_info    0x000028e4      0x150 .\CortexM0\ARM_GCC_541\Debug\STELLANOVA_2021.a(CapSense_CSD_SampleClk.o)
 .debug_info    0x00002a34      0x150 .\CortexM0\ARM_GCC_541\Debug\STELLANOVA_2021.a(CapSense_CSD_SenseClk.o)
 .debug_info    0x00002b84      0x8ef .\CortexM0\ARM_GCC_541\Debug\STELLANOVA_2021.a(CyLib.o)
 .debug_info    0x00003473       0xa1 .\CortexM0\ARM_GCC_541\Debug\STELLANOVA_2021.a(SW_Tx_UART_1_AsmGnu.o)
 .debug_info    0x00003514       0x9a .\CortexM0\ARM_GCC_541\Debug\STELLANOVA_2021.a(CyBootAsmGnu.o)

.debug_abbrev   0x00000000      0xcde
 *(.debug_abbrev)
 .debug_abbrev  0x00000000       0xa4 .\CortexM0\ARM_GCC_541\Debug\main.o
 .debug_abbrev  0x000000a4      0x1b3 .\CortexM0\ARM_GCC_541\Debug\cyfitter_cfg.o
 .debug_abbrev  0x00000257       0x5d .\CortexM0\ARM_GCC_541\Debug\cymetadata.o
 .debug_abbrev  0x000002b4      0x1c8 .\CortexM0\ARM_GCC_541\Debug\Cm0Start.o
 .debug_abbrev  0x0000047c      0x167 .\CortexM0\ARM_GCC_541\Debug\STELLANOVA_2021.a(CapSense_CSD.o)
 .debug_abbrev  0x000005e3      0x184 .\CortexM0\ARM_GCC_541\Debug\STELLANOVA_2021.a(CapSense_CSD_CSHL.o)
 .debug_abbrev  0x00000767       0x8a .\CortexM0\ARM_GCC_541\Debug\STELLANOVA_2021.a(CapSense_CSD_INT.o)
 .debug_abbrev  0x000007f1       0xfc .\CortexM0\ARM_GCC_541\Debug\STELLANOVA_2021.a(LED_CONTROL.o)
 .debug_abbrev  0x000008ed       0xd2 .\CortexM0\ARM_GCC_541\Debug\STELLANOVA_2021.a(SW_Tx_UART_1.o)
 .debug_abbrev  0x000009bf       0xa8 .\CortexM0\ARM_GCC_541\Debug\STELLANOVA_2021.a(CapSense_CSD_SampleClk.o)
 .debug_abbrev  0x00000a67       0xa8 .\CortexM0\ARM_GCC_541\Debug\STELLANOVA_2021.a(CapSense_CSD_SenseClk.o)
 .debug_abbrev  0x00000b0f      0x1a7 .\CortexM0\ARM_GCC_541\Debug\STELLANOVA_2021.a(CyLib.o)
 .debug_abbrev  0x00000cb6       0x14 .\CortexM0\ARM_GCC_541\Debug\STELLANOVA_2021.a(SW_Tx_UART_1_AsmGnu.o)
 .debug_abbrev  0x00000cca       0x14 .\CortexM0\ARM_GCC_541\Debug\STELLANOVA_2021.a(CyBootAsmGnu.o)

.debug_line     0x00000000     0x1b05
 *(.debug_line)
 .debug_line    0x00000000      0x19e .\CortexM0\ARM_GCC_541\Debug\main.o
 .debug_line    0x0000019e      0x1b7 .\CortexM0\ARM_GCC_541\Debug\cyfitter_cfg.o
 .debug_line    0x00000355      0x141 .\CortexM0\ARM_GCC_541\Debug\cymetadata.o
 .debug_line    0x00000496      0x1cf .\CortexM0\ARM_GCC_541\Debug\Cm0Start.o
 .debug_line    0x00000665      0x4fc .\CortexM0\ARM_GCC_541\Debug\STELLANOVA_2021.a(CapSense_CSD.o)
 .debug_line    0x00000b61      0x3ab .\CortexM0\ARM_GCC_541\Debug\STELLANOVA_2021.a(CapSense_CSD_CSHL.o)
 .debug_line    0x00000f0c       0x97 .\CortexM0\ARM_GCC_541\Debug\STELLANOVA_2021.a(CapSense_CSD_INT.o)
 .debug_line    0x00000fa3      0x379 .\CortexM0\ARM_GCC_541\Debug\STELLANOVA_2021.a(LED_CONTROL.o)
 .debug_line    0x0000131c       0xe8 .\CortexM0\ARM_GCC_541\Debug\STELLANOVA_2021.a(SW_Tx_UART_1.o)
 .debug_line    0x00001404       0xbd .\CortexM0\ARM_GCC_541\Debug\STELLANOVA_2021.a(CapSense_CSD_SampleClk.o)
 .debug_line    0x000014c1       0xbc .\CortexM0\ARM_GCC_541\Debug\STELLANOVA_2021.a(CapSense_CSD_SenseClk.o)
 .debug_line    0x0000157d      0x47a .\CortexM0\ARM_GCC_541\Debug\STELLANOVA_2021.a(CyLib.o)
 .debug_line    0x000019f7       0xa5 .\CortexM0\ARM_GCC_541\Debug\STELLANOVA_2021.a(SW_Tx_UART_1_AsmGnu.o)
 .debug_line    0x00001a9c       0x69 .\CortexM0\ARM_GCC_541\Debug\STELLANOVA_2021.a(CyBootAsmGnu.o)

.debug_frame    0x00000000     0x1b48
 *(.debug_frame)
 .debug_frame   0x00000000       0x34 .\CortexM0\ARM_GCC_541\Debug\main.o
 .debug_frame   0x00000034      0x108 .\CortexM0\ARM_GCC_541\Debug\cyfitter_cfg.o
 .debug_frame   0x0000013c       0xc8 .\CortexM0\ARM_GCC_541\Debug\Cm0Start.o
 .debug_frame   0x00000204      0x50c .\CortexM0\ARM_GCC_541\Debug\STELLANOVA_2021.a(CapSense_CSD.o)
 .debug_frame   0x00000710      0x430 .\CortexM0\ARM_GCC_541\Debug\STELLANOVA_2021.a(CapSense_CSD_CSHL.o)
 .debug_frame   0x00000b40       0x2c .\CortexM0\ARM_GCC_541\Debug\STELLANOVA_2021.a(CapSense_CSD_INT.o)
 .debug_frame   0x00000b6c      0x52c .\CortexM0\ARM_GCC_541\Debug\STELLANOVA_2021.a(LED_CONTROL.o)
 .debug_frame   0x00001098       0xe4 .\CortexM0\ARM_GCC_541\Debug\STELLANOVA_2021.a(SW_Tx_UART_1.o)
 .debug_frame   0x0000117c       0xa0 .\CortexM0\ARM_GCC_541\Debug\STELLANOVA_2021.a(CapSense_CSD_SampleClk.o)
 .debug_frame   0x0000121c       0xa0 .\CortexM0\ARM_GCC_541\Debug\STELLANOVA_2021.a(CapSense_CSD_SenseClk.o)
 .debug_frame   0x000012bc      0x588 .\CortexM0\ARM_GCC_541\Debug\STELLANOVA_2021.a(CyLib.o)
 .debug_frame   0x00001844       0x20 c:/program files (x86)/cypress/psoc creator/4.3/psoc creator/import/gnu/arm/5.4.1/bin/../lib/gcc/arm-none-eabi/5.4.1/armv6-m\libgcc.a(_udivsi3.o)
 .debug_frame   0x00001864       0x2c c:/program files (x86)/cypress/psoc creator/4.3/psoc creator/import/gnu/arm/5.4.1/bin/../lib/gcc/arm-none-eabi/5.4.1/armv6-m\libgcc.a(_fixunsdfsi.o)
 .debug_frame   0x00001890       0x3c c:/program files (x86)/cypress/psoc creator/4.3/psoc creator/import/gnu/arm/5.4.1/bin/../lib/gcc/arm-none-eabi/5.4.1/armv6-m\libgcc.a(muldf3.o)
 .debug_frame   0x000018cc       0x38 c:/program files (x86)/cypress/psoc creator/4.3/psoc creator/import/gnu/arm/5.4.1/bin/../lib/gcc/arm-none-eabi/5.4.1/armv6-m\libgcc.a(subdf3.o)
 .debug_frame   0x00001904       0x2c c:/program files (x86)/cypress/psoc creator/4.3/psoc creator/import/gnu/arm/5.4.1/bin/../lib/gcc/arm-none-eabi/5.4.1/armv6-m\libgcc.a(fixdfsi.o)
 .debug_frame   0x00001930       0x2c c:/program files (x86)/cypress/psoc creator/4.3/psoc creator/import/gnu/arm/5.4.1/bin/../lib/gcc/arm-none-eabi/5.4.1/armv6-m\libgcc.a(floatunsidf.o)
 .debug_frame   0x0000195c       0x38 c:/program files (x86)/cypress/psoc creator/4.3/psoc creator/import/gnu/arm/5.4.1/bin/../lib/gcc/arm-none-eabi/5.4.1/armv6-m\libgcc.a(eqdf2.o)
 .debug_frame   0x00001994       0x38 c:/program files (x86)/cypress/psoc creator/4.3/psoc creator/import/gnu/arm/5.4.1/bin/../lib/gcc/arm-none-eabi/5.4.1/armv6-m\libgcc.a(gedf2.o)
 .debug_frame   0x000019cc       0x38 c:/program files (x86)/cypress/psoc creator/4.3/psoc creator/import/gnu/arm/5.4.1/bin/../lib/gcc/arm-none-eabi/5.4.1/armv6-m\libgcc.a(ledf2.o)
 .debug_frame   0x00001a04       0x20 c:/program files (x86)/cypress/psoc creator/4.3/psoc creator/import/gnu/arm/5.4.1/bin/../lib/gcc/arm-none-eabi/5.4.1/../../../../arm-none-eabi/lib/armv6-m\libg_nano.a(lib_a-errno.o)
 .debug_frame   0x00001a24       0x28 c:/program files (x86)/cypress/psoc creator/4.3/psoc creator/import/gnu/arm/5.4.1/bin/../lib/gcc/arm-none-eabi/5.4.1/../../../../arm-none-eabi/lib/armv6-m\libg_nano.a(lib_a-exit.o)
 .debug_frame   0x00001a4c       0x2c c:/program files (x86)/cypress/psoc creator/4.3/psoc creator/import/gnu/arm/5.4.1/bin/../lib/gcc/arm-none-eabi/5.4.1/../../../../arm-none-eabi/lib/armv6-m\libg_nano.a(lib_a-init.o)
 .debug_frame   0x00001a78       0x40 c:/program files (x86)/cypress/psoc creator/4.3/psoc creator/import/gnu/arm/5.4.1/bin/../lib/gcc/arm-none-eabi/5.4.1/../../../../arm-none-eabi/lib/armv6-m\libg_nano.a(lib_a-itoa.o)
 .debug_frame   0x00001ab8       0x28 c:/program files (x86)/cypress/psoc creator/4.3/psoc creator/import/gnu/arm/5.4.1/bin/../lib/gcc/arm-none-eabi/5.4.1/../../../../arm-none-eabi/lib/armv6-m\libg_nano.a(lib_a-memcpy-stub.o)
 .debug_frame   0x00001ae0       0x20 c:/program files (x86)/cypress/psoc creator/4.3/psoc creator/import/gnu/arm/5.4.1/bin/../lib/gcc/arm-none-eabi/5.4.1/../../../../arm-none-eabi/lib/armv6-m\libg_nano.a(lib_a-memset.o)
 .debug_frame   0x00001b00       0x48 c:/program files (x86)/cypress/psoc creator/4.3/psoc creator/import/gnu/arm/5.4.1/bin/../lib/gcc/arm-none-eabi/5.4.1/../../../../arm-none-eabi/lib/armv6-m\libg_nano.a(lib_a-utoa.o)

.debug_str      0x00000000     0x20c6
 *(.debug_str)
 .debug_str     0x00000000      0x18a .\CortexM0\ARM_GCC_541\Debug\main.o
                                0x1e3 (size before relaxing)
 .debug_str     0x0000018a      0x149 .\CortexM0\ARM_GCC_541\Debug\cyfitter_cfg.o
                                0x2f1 (size before relaxing)
 .debug_str     0x000002d3       0x63 .\CortexM0\ARM_GCC_541\Debug\cymetadata.o
                                0x1d2 (size before relaxing)
 .debug_str     0x00000336      0x120 .\CortexM0\ARM_GCC_541\Debug\Cm0Start.o
                                0x2d8 (size before relaxing)
 .debug_str     0x00000456      0x897 .\CortexM0\ARM_GCC_541\Debug\STELLANOVA_2021.a(CapSense_CSD.o)
                                0xa58 (size before relaxing)
 .debug_str     0x00000ced      0x665 .\CortexM0\ARM_GCC_541\Debug\STELLANOVA_2021.a(CapSense_CSD_CSHL.o)
                                0x8ec (size before relaxing)
 .debug_str     0x00001352       0x54 .\CortexM0\ARM_GCC_541\Debug\STELLANOVA_2021.a(CapSense_CSD_INT.o)
                                0x261 (size before relaxing)
 .debug_str     0x000013a6      0x4e7 .\CortexM0\ARM_GCC_541\Debug\STELLANOVA_2021.a(LED_CONTROL.o)
                                0x68a (size before relaxing)
 .debug_str     0x0000188d      0x161 .\CortexM0\ARM_GCC_541\Debug\STELLANOVA_2021.a(SW_Tx_UART_1.o)
                                0x2f4 (size before relaxing)
 .debug_str     0x000019ee      0x123 .\CortexM0\ARM_GCC_541\Debug\STELLANOVA_2021.a(CapSense_CSD_SampleClk.o)
                                0x2ad (size before relaxing)
 .debug_str     0x00001b11       0xf5 .\CortexM0\ARM_GCC_541\Debug\STELLANOVA_2021.a(CapSense_CSD_SenseClk.o)
                                0x2a7 (size before relaxing)
 .debug_str     0x00001c06      0x4c0 .\CortexM0\ARM_GCC_541\Debug\STELLANOVA_2021.a(CyLib.o)
                                0x693 (size before relaxing)

.debug_loc
 *(.debug_loc)

.debug_macinfo
 *(.debug_macinfo)

.debug_ranges   0x00000000      0x650
 *(.debug_ranges)
 .debug_ranges  0x00000000       0x10 .\CortexM0\ARM_GCC_541\Debug\main.o
 .debug_ranges  0x00000010       0x48 .\CortexM0\ARM_GCC_541\Debug\cyfitter_cfg.o
 .debug_ranges  0x00000058       0x38 .\CortexM0\ARM_GCC_541\Debug\Cm0Start.o
 .debug_ranges  0x00000090      0x148 .\CortexM0\ARM_GCC_541\Debug\STELLANOVA_2021.a(CapSense_CSD.o)
 .debug_ranges  0x000001d8      0x110 .\CortexM0\ARM_GCC_541\Debug\STELLANOVA_2021.a(CapSense_CSD_CSHL.o)
 .debug_ranges  0x000002e8       0x10 .\CortexM0\ARM_GCC_541\Debug\STELLANOVA_2021.a(CapSense_CSD_INT.o)
 .debug_ranges  0x000002f8      0x148 .\CortexM0\ARM_GCC_541\Debug\STELLANOVA_2021.a(LED_CONTROL.o)
 .debug_ranges  0x00000440       0x40 .\CortexM0\ARM_GCC_541\Debug\STELLANOVA_2021.a(SW_Tx_UART_1.o)
 .debug_ranges  0x00000480       0x30 .\CortexM0\ARM_GCC_541\Debug\STELLANOVA_2021.a(CapSense_CSD_SampleClk.o)
 .debug_ranges  0x000004b0       0x30 .\CortexM0\ARM_GCC_541\Debug\STELLANOVA_2021.a(CapSense_CSD_SenseClk.o)
 .debug_ranges  0x000004e0      0x170 .\CortexM0\ARM_GCC_541\Debug\STELLANOVA_2021.a(CyLib.o)

.comment        0x00000000       0x6e
 .comment       0x00000000       0x6e .\CortexM0\ARM_GCC_541\Debug\main.o
                                 0x6f (size before relaxing)
 .comment       0x0000006e       0x6f .\CortexM0\ARM_GCC_541\Debug\cyfitter_cfg.o
 .comment       0x0000006e       0x6f .\CortexM0\ARM_GCC_541\Debug\cymetadata.o
 .comment       0x0000006e       0x6f .\CortexM0\ARM_GCC_541\Debug\Cm0Start.o
 .comment       0x0000006e       0x6f .\CortexM0\ARM_GCC_541\Debug\STELLANOVA_2021.a(CapSense_CSD.o)
 .comment       0x0000006e       0x6f .\CortexM0\ARM_GCC_541\Debug\STELLANOVA_2021.a(CapSense_CSD_CSHL.o)
 .comment       0x0000006e       0x6f .\CortexM0\ARM_GCC_541\Debug\STELLANOVA_2021.a(CapSense_CSD_INT.o)
 .comment       0x0000006e       0x6f .\CortexM0\ARM_GCC_541\Debug\STELLANOVA_2021.a(LED_CONTROL.o)
 .comment       0x0000006e       0x6f .\CortexM0\ARM_GCC_541\Debug\STELLANOVA_2021.a(SW_Tx_UART_1.o)
 .comment       0x0000006e       0x6f .\CortexM0\ARM_GCC_541\Debug\STELLANOVA_2021.a(CapSense_CSD_SampleClk.o)
 .comment       0x0000006e       0x6f .\CortexM0\ARM_GCC_541\Debug\STELLANOVA_2021.a(CapSense_CSD_SenseClk.o)
 .comment       0x0000006e       0x6f .\CortexM0\ARM_GCC_541\Debug\STELLANOVA_2021.a(CyLib.o)

.debug_weaknames
 *(.debug_weaknames)

.debug_funcnames
 *(.debug_funcnames)

.debug_typenames
 *(.debug_typenames)

.debug_varnames
 *(.debug_varnames)

.note.gnu.arm.ident
 *(.note.gnu.arm.ident)

.ARM.attributes
                0x00000000       0x28
 *(.ARM.attributes)
 .ARM.attributes
                0x00000000       0x1e c:/program files (x86)/cypress/psoc creator/4.3/psoc creator/import/gnu/arm/5.4.1/bin/../lib/gcc/arm-none-eabi/5.4.1/armv6-m/crti.o
 .ARM.attributes
                0x0000001e       0x2c c:/program files (x86)/cypress/psoc creator/4.3/psoc creator/import/gnu/arm/5.4.1/bin/../lib/gcc/arm-none-eabi/5.4.1/armv6-m/crtbegin.o
 .ARM.attributes
                0x0000004a       0x1b c:/program files (x86)/cypress/psoc creator/4.3/psoc creator/import/gnu/arm/5.4.1/bin/../lib/gcc/arm-none-eabi/5.4.1/../../../../arm-none-eabi/lib/armv6-m/crt0.o
 .ARM.attributes
                0x00000065       0x31 .\CortexM0\ARM_GCC_541\Debug\main.o
 .ARM.attributes
                0x00000096       0x31 .\CortexM0\ARM_GCC_541\Debug\cyfitter_cfg.o
 .ARM.attributes
                0x000000c7       0x31 .\CortexM0\ARM_GCC_541\Debug\cymetadata.o
 .ARM.attributes
                0x000000f8       0x31 .\CortexM0\ARM_GCC_541\Debug\Cm0Start.o
 .ARM.attributes
                0x00000129       0x31 .\CortexM0\ARM_GCC_541\Debug\STELLANOVA_2021.a(CapSense_CSD.o)
 .ARM.attributes
                0x0000015a       0x31 .\CortexM0\ARM_GCC_541\Debug\STELLANOVA_2021.a(CapSense_CSD_CSHL.o)
 .ARM.attributes
                0x0000018b       0x31 .\CortexM0\ARM_GCC_541\Debug\STELLANOVA_2021.a(CapSense_CSD_INT.o)
 .ARM.attributes
                0x000001bc       0x31 .\CortexM0\ARM_GCC_541\Debug\STELLANOVA_2021.a(LED_CONTROL.o)
 .ARM.attributes
                0x000001ed       0x31 .\CortexM0\ARM_GCC_541\Debug\STELLANOVA_2021.a(SW_Tx_UART_1.o)
 .ARM.attributes
                0x0000021e       0x31 .\CortexM0\ARM_GCC_541\Debug\STELLANOVA_2021.a(CapSense_CSD_SampleClk.o)
 .ARM.attributes
                0x0000024f       0x31 .\CortexM0\ARM_GCC_541\Debug\STELLANOVA_2021.a(CapSense_CSD_SenseClk.o)
 .ARM.attributes
                0x00000280       0x31 .\CortexM0\ARM_GCC_541\Debug\STELLANOVA_2021.a(CyLib.o)
 .ARM.attributes
                0x000002b1       0x21 .\CortexM0\ARM_GCC_541\Debug\STELLANOVA_2021.a(SW_Tx_UART_1_AsmGnu.o)
 .ARM.attributes
                0x000002d2       0x21 .\CortexM0\ARM_GCC_541\Debug\STELLANOVA_2021.a(CyBootAsmGnu.o)
 .ARM.attributes
                0x000002f3       0x1e c:/program files (x86)/cypress/psoc creator/4.3/psoc creator/import/gnu/arm/5.4.1/bin/../lib/gcc/arm-none-eabi/5.4.1/armv6-m\libgcc.a(_udivsi3.o)
 .ARM.attributes
                0x00000311       0x1e c:/program files (x86)/cypress/psoc creator/4.3/psoc creator/import/gnu/arm/5.4.1/bin/../lib/gcc/arm-none-eabi/5.4.1/armv6-m\libgcc.a(_dvmd_tls.o)
 .ARM.attributes
                0x0000032f       0x2c c:/program files (x86)/cypress/psoc creator/4.3/psoc creator/import/gnu/arm/5.4.1/bin/../lib/gcc/arm-none-eabi/5.4.1/armv6-m\libgcc.a(_fixunsdfsi.o)
 .ARM.attributes
                0x0000035b       0x2c c:/program files (x86)/cypress/psoc creator/4.3/psoc creator/import/gnu/arm/5.4.1/bin/../lib/gcc/arm-none-eabi/5.4.1/armv6-m\libgcc.a(muldf3.o)
 .ARM.attributes
                0x00000387       0x2c c:/program files (x86)/cypress/psoc creator/4.3/psoc creator/import/gnu/arm/5.4.1/bin/../lib/gcc/arm-none-eabi/5.4.1/armv6-m\libgcc.a(subdf3.o)
 .ARM.attributes
                0x000003b3       0x2c c:/program files (x86)/cypress/psoc creator/4.3/psoc creator/import/gnu/arm/5.4.1/bin/../lib/gcc/arm-none-eabi/5.4.1/armv6-m\libgcc.a(fixdfsi.o)
 .ARM.attributes
                0x000003df       0x2c c:/program files (x86)/cypress/psoc creator/4.3/psoc creator/import/gnu/arm/5.4.1/bin/../lib/gcc/arm-none-eabi/5.4.1/armv6-m\libgcc.a(floatunsidf.o)
 .ARM.attributes
                0x0000040b       0x1e c:/program files (x86)/cypress/psoc creator/4.3/psoc creator/import/gnu/arm/5.4.1/bin/../lib/gcc/arm-none-eabi/5.4.1/armv6-m\libgcc.a(_arm_cmpdf2.o)
 .ARM.attributes
                0x00000429       0x1e c:/program files (x86)/cypress/psoc creator/4.3/psoc creator/import/gnu/arm/5.4.1/bin/../lib/gcc/arm-none-eabi/5.4.1/armv6-m\libgcc.a(_clzsi2.o)
 .ARM.attributes
                0x00000447       0x2c c:/program files (x86)/cypress/psoc creator/4.3/psoc creator/import/gnu/arm/5.4.1/bin/../lib/gcc/arm-none-eabi/5.4.1/armv6-m\libgcc.a(eqdf2.o)
 .ARM.attributes
                0x00000473       0x2c c:/program files (x86)/cypress/psoc creator/4.3/psoc creator/import/gnu/arm/5.4.1/bin/../lib/gcc/arm-none-eabi/5.4.1/armv6-m\libgcc.a(gedf2.o)
 .ARM.attributes
                0x0000049f       0x2c c:/program files (x86)/cypress/psoc creator/4.3/psoc creator/import/gnu/arm/5.4.1/bin/../lib/gcc/arm-none-eabi/5.4.1/armv6-m\libgcc.a(ledf2.o)
 .ARM.attributes
                0x000004cb       0x2c c:/program files (x86)/cypress/psoc creator/4.3/psoc creator/import/gnu/arm/5.4.1/bin/../lib/gcc/arm-none-eabi/5.4.1/../../../../arm-none-eabi/lib/armv6-m\libg_nano.a(lib_a-errno.o)
 .ARM.attributes
                0x000004f7       0x2c c:/program files (x86)/cypress/psoc creator/4.3/psoc creator/import/gnu/arm/5.4.1/bin/../lib/gcc/arm-none-eabi/5.4.1/../../../../arm-none-eabi/lib/armv6-m\libg_nano.a(lib_a-exit.o)
 .ARM.attributes
                0x00000523       0x2c c:/program files (x86)/cypress/psoc creator/4.3/psoc creator/import/gnu/arm/5.4.1/bin/../lib/gcc/arm-none-eabi/5.4.1/../../../../arm-none-eabi/lib/armv6-m\libg_nano.a(lib_a-impure.o)
 .ARM.attributes
                0x0000054f       0x2c c:/program files (x86)/cypress/psoc creator/4.3/psoc creator/import/gnu/arm/5.4.1/bin/../lib/gcc/arm-none-eabi/5.4.1/../../../../arm-none-eabi/lib/armv6-m\libg_nano.a(lib_a-init.o)
 .ARM.attributes
                0x0000057b       0x2c c:/program files (x86)/cypress/psoc creator/4.3/psoc creator/import/gnu/arm/5.4.1/bin/../lib/gcc/arm-none-eabi/5.4.1/../../../../arm-none-eabi/lib/armv6-m\libg_nano.a(lib_a-itoa.o)
 .ARM.attributes
                0x000005a7       0x2c c:/program files (x86)/cypress/psoc creator/4.3/psoc creator/import/gnu/arm/5.4.1/bin/../lib/gcc/arm-none-eabi/5.4.1/../../../../arm-none-eabi/lib/armv6-m\libg_nano.a(lib_a-memcpy-stub.o)
 .ARM.attributes
                0x000005d3       0x2c c:/program files (x86)/cypress/psoc creator/4.3/psoc creator/import/gnu/arm/5.4.1/bin/../lib/gcc/arm-none-eabi/5.4.1/../../../../arm-none-eabi/lib/armv6-m\libg_nano.a(lib_a-memset.o)
 .ARM.attributes
                0x000005ff       0x2c c:/program files (x86)/cypress/psoc creator/4.3/psoc creator/import/gnu/arm/5.4.1/bin/../lib/gcc/arm-none-eabi/5.4.1/../../../../arm-none-eabi/lib/armv6-m\libg_nano.a(lib_a-utoa.o)
 .ARM.attributes
                0x0000062b       0x2c c:/program files (x86)/cypress/psoc creator/4.3/psoc creator/import/gnu/arm/5.4.1/bin/../lib/gcc/arm-none-eabi/5.4.1/armv6-m/crtend.o
 .ARM.attributes
                0x00000657       0x1e c:/program files (x86)/cypress/psoc creator/4.3/psoc creator/import/gnu/arm/5.4.1/bin/../lib/gcc/arm-none-eabi/5.4.1/armv6-m/crtn.o

/DISCARD/
 *(.note.GNU-stack)
OUTPUT(C:\Users\SHOZO\Documents\PSoC Creator\STELLANOVA_2021\STELLANOVA_2021.cydsn\CortexM0\ARM_GCC_541\Debug\STELLANOVA_2021.elf elf32-littlearm)
